exports[`test renders correctly 1`] = `
<Test
  language={
    Object {
      "subscribe": [Function],
    }
  }
  strings={Object {}} />
`;
